// Jest Snapshot v1, https://goo.gl/fbAQLP

exports[`Question Component should test snapshot 1`] = `
Object {
  "asFragment": [Function],
  "baseElement": <body>
    <div>
      <div
        class="sc-bcXHqe ldaQpu"
      >
        <div
          class="sc-gswNZR eIsmLB"
        >
          Question 1/14
        </div>
        <div
          class="sc-dkrFOg iXsOjN"
        >
          <div
            class="sc-hLBbgP iuyxgk"
          >
            You’re really busy at work and a colleague is telling you their life story and personal woes. You:
          </div>
          <div
            class="sc-jSUZER gbescb"
          >
            <div
              class="sc-gKPRtg gtuoho"
            >
              <span>
                A
              </span>
            </div>
            <div
              class="sc-iBYQkv kiwGZE"
            >
              Don’t dare to interrupt them
            </div>
          </div>
          <div
            class="sc-jSUZER gbescb"
          >
            <div
              class="sc-gKPRtg gtuoho"
            >
              <span>
                B
              </span>
            </div>
            <div
              class="sc-iBYQkv kiwGZE"
            >
              Think it’s more important to give them some of your time; work can wait
            </div>
          </div>
          <div
            class="sc-jSUZER gbescb"
          >
            <div
              class="sc-gKPRtg gtuoho"
            >
              <span>
                C
              </span>
            </div>
            <div
              class="sc-iBYQkv kiwGZE"
            >
              Listen, but with only with half an ear
            </div>
          </div>
          <div
            class="sc-jSUZER gbescb"
          >
            <div
              class="sc-gKPRtg gtuoho"
            >
              <span>
                D
              </span>
            </div>
            <div
              class="sc-iBYQkv kiwGZE"
            >
              Interrupt and explain that you are really busy at the moment
            </div>
          </div>
          <button
            class="sc-eDvSVe fWjGBZ"
          >
            Next Question
          </button>
        </div>
      </div>
    </div>
  </body>,
  "container": <div>
    <div
      class="sc-bcXHqe ldaQpu"
    >
      <div
        class="sc-gswNZR eIsmLB"
      >
        Question 1/14
      </div>
      <div
        class="sc-dkrFOg iXsOjN"
      >
        <div
          class="sc-hLBbgP iuyxgk"
        >
          You’re really busy at work and a colleague is telling you their life story and personal woes. You:
        </div>
        <div
          class="sc-jSUZER gbescb"
        >
          <div
            class="sc-gKPRtg gtuoho"
          >
            <span>
              A
            </span>
          </div>
          <div
            class="sc-iBYQkv kiwGZE"
          >
            Don’t dare to interrupt them
          </div>
        </div>
        <div
          class="sc-jSUZER gbescb"
        >
          <div
            class="sc-gKPRtg gtuoho"
          >
            <span>
              B
            </span>
          </div>
          <div
            class="sc-iBYQkv kiwGZE"
          >
            Think it’s more important to give them some of your time; work can wait
          </div>
        </div>
        <div
          class="sc-jSUZER gbescb"
        >
          <div
            class="sc-gKPRtg gtuoho"
          >
            <span>
              C
            </span>
          </div>
          <div
            class="sc-iBYQkv kiwGZE"
          >
            Listen, but with only with half an ear
          </div>
        </div>
        <div
          class="sc-jSUZER gbescb"
        >
          <div
            class="sc-gKPRtg gtuoho"
          >
            <span>
              D
            </span>
          </div>
          <div
            class="sc-iBYQkv kiwGZE"
          >
            Interrupt and explain that you are really busy at the moment
          </div>
        </div>
        <button
          class="sc-eDvSVe fWjGBZ"
        >
          Next Question
        </button>
      </div>
    </div>
  </div>,
  "debug": [Function],
  "findAllByAltText": [Function],
  "findAllByDisplayValue": [Function],
  "findAllByLabelText": [Function],
  "findAllByPlaceholderText": [Function],
  "findAllByRole": [Function],
  "findAllByTestId": [Function],
  "findAllByText": [Function],
  "findAllByTitle": [Function],
  "findByAltText": [Function],
  "findByDisplayValue": [Function],
  "findByLabelText": [Function],
  "findByPlaceholderText": [Function],
  "findByRole": [Function],
  "findByTestId": [Function],
  "findByText": [Function],
  "findByTitle": [Function],
  "getAllByAltText": [Function],
  "getAllByDisplayValue": [Function],
  "getAllByLabelText": [Function],
  "getAllByPlaceholderText": [Function],
  "getAllByRole": [Function],
  "getAllByTestId": [Function],
  "getAllByText": [Function],
  "getAllByTitle": [Function],
  "getByAltText": [Function],
  "getByDisplayValue": [Function],
  "getByLabelText": [Function],
  "getByPlaceholderText": [Function],
  "getByRole": [Function],
  "getByTestId": [Function],
  "getByText": [Function],
  "getByTitle": [Function],
  "queryAllByAltText": [Function],
  "queryAllByDisplayValue": [Function],
  "queryAllByLabelText": [Function],
  "queryAllByPlaceholderText": [Function],
  "queryAllByRole": [Function],
  "queryAllByTestId": [Function],
  "queryAllByText": [Function],
  "queryAllByTitle": [Function],
  "queryByAltText": [Function],
  "queryByDisplayValue": [Function],
  "queryByLabelText": [Function],
  "queryByPlaceholderText": [Function],
  "queryByRole": [Function],
  "queryByTestId": [Function],
  "queryByText": [Function],
  "queryByTitle": [Function],
  "rerender": [Function],
  "unmount": [Function],
}
`;
