// Jest Snapshot v1, https://goo.gl/fbAQLP

exports[`Result Component should test snapshot 1`] = `
Object {
  "asFragment": [Function],
  "baseElement": <body>
    <div>
      <div
        class="sc-bcXHqe ciZuhd"
      >
        <div>
          <h4>
            Your Result
          </h4>
          <h2
            class="sc-gswNZR noKUc"
          />
          <div
            class="sc-dkrFOg gwmpyD"
          />
          <div
            class="sc-iBYQkv cbuvIf"
          >
            <button
              class="sc-gKPRtg kSQhHv"
              data-testid="retake"
            >
              Retake Question
            </button>
            <button
              class="sc-gKPRtg hWKZls"
              data-testid="show-answer"
            >
              Hide my Answers
            </button>
          </div>
        </div>
        <div
          class="sc-hLBbgP klOabs"
        />
      </div>
    </div>
  </body>,
  "container": <div>
    <div
      class="sc-bcXHqe ciZuhd"
    >
      <div>
        <h4>
          Your Result
        </h4>
        <h2
          class="sc-gswNZR noKUc"
        />
        <div
          class="sc-dkrFOg gwmpyD"
        />
        <div
          class="sc-iBYQkv cbuvIf"
        >
          <button
            class="sc-gKPRtg kSQhHv"
            data-testid="retake"
          >
            Retake Question
          </button>
          <button
            class="sc-gKPRtg hWKZls"
            data-testid="show-answer"
          >
            Hide my Answers
          </button>
        </div>
      </div>
      <div
        class="sc-hLBbgP klOabs"
      />
    </div>
  </div>,
  "debug": [Function],
  "findAllByAltText": [Function],
  "findAllByDisplayValue": [Function],
  "findAllByLabelText": [Function],
  "findAllByPlaceholderText": [Function],
  "findAllByRole": [Function],
  "findAllByTestId": [Function],
  "findAllByText": [Function],
  "findAllByTitle": [Function],
  "findByAltText": [Function],
  "findByDisplayValue": [Function],
  "findByLabelText": [Function],
  "findByPlaceholderText": [Function],
  "findByRole": [Function],
  "findByTestId": [Function],
  "findByText": [Function],
  "findByTitle": [Function],
  "getAllByAltText": [Function],
  "getAllByDisplayValue": [Function],
  "getAllByLabelText": [Function],
  "getAllByPlaceholderText": [Function],
  "getAllByRole": [Function],
  "getAllByTestId": [Function],
  "getAllByText": [Function],
  "getAllByTitle": [Function],
  "getByAltText": [Function],
  "getByDisplayValue": [Function],
  "getByLabelText": [Function],
  "getByPlaceholderText": [Function],
  "getByRole": [Function],
  "getByTestId": [Function],
  "getByText": [Function],
  "getByTitle": [Function],
  "queryAllByAltText": [Function],
  "queryAllByDisplayValue": [Function],
  "queryAllByLabelText": [Function],
  "queryAllByPlaceholderText": [Function],
  "queryAllByRole": [Function],
  "queryAllByTestId": [Function],
  "queryAllByText": [Function],
  "queryAllByTitle": [Function],
  "queryByAltText": [Function],
  "queryByDisplayValue": [Function],
  "queryByLabelText": [Function],
  "queryByPlaceholderText": [Function],
  "queryByRole": [Function],
  "queryByTestId": [Function],
  "queryByText": [Function],
  "queryByTitle": [Function],
  "rerender": [Function],
  "unmount": [Function],
}
`;
